// Jest Snapshot v1, https://goo.gl/fbAQLP

exports[`NotFound Page Renders 1`] = `
<div>
  <h1
    style="color: rgb(37, 37, 42);"
  >
    Page Not Found!
  </h1>
  <a
    href="/"
    style="color: rgb(50, 50, 206);"
  >
    Home
  </a>
</div>
`;
